******************************************************************************
                  TI ARM Linker PC v20.2.1                     
******************************************************************************
>> Linked Thu Jan 14 18:57:01 2021

OUTPUT FILE NAME:   <final project1.out>
ENTRY POINT SYMBOL: "_c_int00_noargs"  address: 000014bd


MEMORY CONFIGURATION

         name            origin    length      used     unused   attr    fill
----------------------  --------  ---------  --------  --------  ----  --------
  FLASH                 00000000   00040000  00001908  0003e6f8  R  X
  SRAM                  20000000   00008000  000004c3  00007b3d  RW X


SEGMENT ALLOCATION MAP

run origin  load origin   length   init length attrs members
----------  ----------- ---------- ----------- ----- -------
00000000    00000000    00001908   00001908    r-x
  00000000    00000000    0000026c   0000026c    r-- .intvecs
  0000026c    0000026c    000013e0   000013e0    r-x .text
  0000164c    0000164c    0000024c   0000024c    r-- .const
  00001898    00001898    00000070   00000070    r-- .cinit
20000000    20000000    000004c9   00000000    rw-
  20000000    20000000    0000026c   00000000    rw- .vtable
  20000270    20000270    00000200   00000000    rw- .stack
  20000470    20000470    00000046   00000000    rw- .data
  200004b8    200004b8    00000011   00000000    rw- .bss


SECTION ALLOCATION MAP

 output                                  attributes/
section   page    origin      length       input sections
--------  ----  ----------  ----------   ----------------
.intvecs   0    00000000    0000026c     
                  00000000    0000026c     tm4c123gh6pm_startup_ccs.obj (.intvecs)

.text      0    0000026c    000013e0     
                  0000026c    00000970     GPIO.obj (.text)
                  00000bdc    00000518     timer_int.obj (.text)
                  000010f4    0000009c     rtsv7M4_T_le_v4SPD16_eabi.lib : memcpy_t2.asm.obj (.text)
                  00001190    00000086                                   : fd_cmp_t2.asm.obj (.text:__aeabi_cdrcmple)
                  00001216    00000002     --HOLE-- [fill = 0]
                  00001218    00000068     driverlib.lib : interrupt.obj (.text:IntEnable)
                  00001280    00000068     rtsv7M4_T_le_v4SPD16_eabi.lib : copy_decompress_lzss.c.obj (.text:decompress:lzss:__TI_decompress_lzss)
                  000012e8    00000060     driverlib.lib : timer.obj (.text:TimerConfigure)
                  00001348    0000004c                   : timer.obj (.text:_TimerIntNumberGet)
                  00001394    00000044                   : gpio.obj (.text:_GPIOIntNumberGet)
                  000013d8    00000044     rtsv7M4_T_le_v4SPD16_eabi.lib : autoinit.c.obj (.text:__TI_auto_init_nobinit_nopinit:__TI_auto_init_nobinit_nopinit)
                  0000141c    00000038     driverlib.lib : sysctl.obj (.text:SysCtlPeripheralReady)
                  00001454    00000034                   : interrupt.obj (.text:IntRegister)
                  00001488    00000034                   : sysctl.obj (.text:SysCtlPeripheralEnable)
                  000014bc    00000034     rtsv7M4_T_le_v4SPD16_eabi.lib : boot_cortex_m.c.obj (.text:_c_int00_noargs:_c_int00_noargs)
                  000014f0    0000002e                                   : i_tofd_t2.asm.obj (.text)
                  0000151e    0000002c                                   : ull_tofd_t2.asm.obj (.text)
                  0000154a    0000001c                                   : copy_zero_init.c.obj (.text:decompress:ZI:__TI_zero_init_nomemset:__TI_zero_init_nomemset)
                  00001566    0000001c     main.obj (.text)
                  00001582    00000018     driverlib.lib : gpio.obj (.text:GPIOIntRegister)
                  0000159a    00000002     --HOLE-- [fill = 0]
                  0000159c    00000018                   : timer.obj (.text:TimerDisable)
                  000015b4    00000018                   : timer.obj (.text:TimerIntRegister)
                  000015cc    00000016                   : timer.obj (.text:TimerValueGet64)
                  000015e2    00000012                   : timer.obj (.text:TimerLoadSet)
                  000015f4    0000000e                   : gpio.obj (.text:GPIOIntDisable)
                  00001602    0000000e                   : timer.obj (.text:TimerEnable)
                  00001610    0000000e     rtsv7M4_T_le_v4SPD16_eabi.lib : copy_decompress_none.c.obj (.text:decompress:none:__TI_decompress_none)
                  0000161e    0000000c     driverlib.lib : gpio.obj (.text:GPIOIntEnable)
                  0000162a    0000000c     tm4c123gh6pm_startup_ccs.obj (.text)
                  00001636    00000008     driverlib.lib : timer.obj (.text:TimerIntEnable)
                  0000163e    00000006                   : gpio.obj (.text:GPIOIntClear)
                  00001644    00000004     rtsv7M4_T_le_v4SPD16_eabi.lib : pre_init.c.obj (.text:_system_pre_init)
                  00001648    00000004                                   : exit.c.obj (.text:abort:abort)

.const     0    0000164c    0000024c     
                  0000164c    000000d8     driverlib.lib : gpio.obj (.const:g_ppui32GPIOIntMapSnowflake)
                  00001724    000000c0                   : gpio.obj (.const:g_ppui32GPIOIntMapBlizzard)
                  000017e4    00000060                   : timer.obj (.const:g_ppui32TimerIntMap)
                  00001844    00000040                   : timer.obj (.const:g_ppui32TimerIntMapSnowflake)
                  00001884    00000014                   : interrupt.obj (.const:g_pui32EnRegs)

.cinit     0    00001898    00000070     
                  00001898    00000038     (.cinit..data.load) [load image, compression = lzss]
                  000018d0    0000000c     (__TI_handler_table)
                  000018dc    00000004     --HOLE-- [fill = 0]
                  000018e0    00000008     (.cinit..bss.load) [load image, compression = zero_init]
                  000018e8    00000008     (.cinit..vtable.load) [load image, compression = zero_init]
                  000018f0    00000018     (__TI_cinit_table)

.init_array 
*          0    00000000    00000000     UNINITIALIZED

.vtable    0    20000000    0000026c     UNINITIALIZED
                  20000000    0000026c     driverlib.lib : interrupt.obj (.vtable)

.data      0    20000470    00000046     UNINITIALIZED
                  20000470    0000003c     GPIO_cfg.obj (.data:PinConfigs)
                  200004ac    00000008     timer_int.obj (.data)
                  200004b4    00000002     GPIO_cfg.obj (.data)

.bss       0    200004b8    00000011     UNINITIALIZED
                  200004b8    00000004     (.common:FLAG_GPIO_Handler)
                  200004bc    00000004     (.common:PA)
                  200004c0    00000004     (.common:PE)
                  200004c4    00000004     (.common:Timer_reset_counter)
                  200004c8    00000001     (.common:Waiting)

.stack     0    20000270    00000200     UNINITIALIZED
                  20000270    00000004     rtsv7M4_T_le_v4SPD16_eabi.lib : boot_cortex_m.c.obj (.stack)
                  20000274    000001fc     --HOLE--

__llvm_prf_cnts 
*          0    20000000    00000000     UNINITIALIZED

MODULE SUMMARY

       Module                         code   ro data   rw data
       ------                         ----   -------   -------
    .\
       GPIO.obj                       2416   0         17     
       timer_int.obj                  1304   0         8      
       tm4c123gh6pm_startup_ccs.obj   12     620       0      
       GPIO_cfg.obj                   0      0         62     
       main.obj                       28     0         0      
    +--+------------------------------+------+---------+---------+
       Total:                         3760   620       87     
                                                              
    D:/geo Main/CCS_ASU/TivaWare_C_Series/driverlib/ccs/Debug/driverlib.lib
       interrupt.obj                  156    20        620    
       gpio.obj                       124    408       0      
       timer.obj                      282    160       0      
       sysctl.obj                     108    0         0      
    +--+------------------------------+------+---------+---------+
       Total:                         670    588       620    
                                                              
    D:\geo Main\CCS_ASU\ccs\tools\compiler\ti-cgt-arm_20.2.1.LTS\lib\rtsv7M4_T_le_v4SPD16_eabi.lib
       memcpy_t2.asm.obj              156    0         0      
       fd_cmp_t2.asm.obj              134    0         0      
       copy_decompress_lzss.c.obj     104    0         0      
       autoinit.c.obj                 68     0         0      
       boot_cortex_m.c.obj            52     0         0      
       i_tofd_t2.asm.obj              46     0         0      
       ull_tofd_t2.asm.obj            44     0         0      
       copy_zero_init.c.obj           28     0         0      
       copy_decompress_none.c.obj     14     0         0      
       exit.c.obj                     4      0         0      
       pre_init.c.obj                 4      0         0      
    +--+------------------------------+------+---------+---------+
       Total:                         654    0         0      
                                                              
       Stack:                         0      0         512    
       Linker Generated:              0      108       0      
    +--+------------------------------+------+---------+---------+
       Grand Total:                   5084   1316      1219   


LINKER GENERATED COPY TABLES

__TI_cinit_table @ 000018f0 records: 3, size/record: 8, table size: 24
	.data: load addr=00001898, load size=00000038 bytes, run addr=20000470, run size=00000046 bytes, compression=lzss
	.bss: load addr=000018e0, load size=00000008 bytes, run addr=200004b8, run size=00000011 bytes, compression=zero_init
	.vtable: load addr=000018e8, load size=00000008 bytes, run addr=20000000, run size=0000026c bytes, compression=zero_init


LINKER GENERATED HANDLER TABLE

__TI_handler_table @ 000018d0 records: 3, size/record: 4, table size: 12
	index: 0, handler: __TI_zero_init
	index: 1, handler: __TI_decompress_lzss
	index: 2, handler: __TI_decompress_none


GLOBAL SYMBOLS: SORTED ALPHABETICALLY BY Name 

address   name                          
-------   ----                          
00001649  C$$EXIT                       
000003df  DIO_ReadPin                   
0000026d  DIO_WritePin                  
000004dd  DIO_init                      
200004b8  FLAG_GPIO_Handler             
00000fb1  GPIOA_Handler                 
UNDEFED   GPIOB_Handler                 
UNDEFED   GPIOC_Handler                 
UNDEFED   GPIOD_Handler                 
UNDEFED   GPIOE_Handler                 
00000e8d  GPIOF_Handler                 
0000163f  GPIOIntClear                  
000015f5  GPIOIntDisable                
0000161f  GPIOIntEnable                 
00001583  GPIOIntRegister               
00001219  IntEnable                     
00001455  IntRegister                   
200004bc  PA                            
200004c0  PE                            
200004b4  PinConfigCount                
20000470  PinConfigs                    
0000162b  ResetISR                      
00001489  SysCtlPeripheralEnable        
0000141d  SysCtlPeripheralReady         
00000d9b  TIMER_P1_Handler              
00000bdd  Timer0A_Init                  
00000c8f  TimerA_ISR                    
000012e9  TimerConfigure                
0000159d  TimerDisable                  
00001603  TimerEnable                   
00001637  TimerIntEnable                
000015b5  TimerIntRegister              
000015e3  TimerLoadSet                  
000015cd  TimerValueGet64               
200004c4  Timer_reset_counter           
00000c37  WIDETimer0A_Init              
200004c8  Waiting                       
20000470  __STACK_END                   
00000200  __STACK_SIZE                  
20000470  __STACK_TOP                   
000018f0  __TI_CINIT_Base               
00001908  __TI_CINIT_Limit              
000018d0  __TI_Handler_Table_Base       
000018dc  __TI_Handler_Table_Limit      
000013d9  __TI_auto_init_nobinit_nopinit
00001281  __TI_decompress_lzss          
00001611  __TI_decompress_none          
ffffffff  __TI_pprof_out_hndl           
ffffffff  __TI_prof_data_size           
ffffffff  __TI_prof_data_start          
00000000  __TI_static_base__            
0000154b  __TI_zero_init_nomemset       
00001191  __aeabi_cdrcmple              
000014f1  __aeabi_i2d                   
000010f5  __aeabi_memcpy                
000010f5  __aeabi_memcpy4               
000010f5  __aeabi_memcpy8               
0000151f  __aeabi_ul2d                  
ffffffff  __binit__                     
ffffffff  __c_args__                    
UNDEFED   __mpu_init                    
20000270  __stack                       
20000000  __start___llvm_prf_cnts       
20000000  __stop___llvm_prf_cnts        
000014bd  _c_int00_noargs               
UNDEFED   _system_post_cinit            
00001645  _system_pre_init              
00001649  abort                         
ffffffff  binit                         
20000000  g_pfnRAMVectors               
00000000  g_pfnVectors                  
00001567  main                          
000010f5  memcpy                        
00000d69  traffic_init                  


GLOBAL SYMBOLS: SORTED BY Symbol Address 

address   name                          
-------   ----                          
00000000  __TI_static_base__            
00000000  g_pfnVectors                  
00000200  __STACK_SIZE                  
0000026d  DIO_WritePin                  
000003df  DIO_ReadPin                   
000004dd  DIO_init                      
00000bdd  Timer0A_Init                  
00000c37  WIDETimer0A_Init              
00000c8f  TimerA_ISR                    
00000d69  traffic_init                  
00000d9b  TIMER_P1_Handler              
00000e8d  GPIOF_Handler                 
00000fb1  GPIOA_Handler                 
000010f5  __aeabi_memcpy                
000010f5  __aeabi_memcpy4               
000010f5  __aeabi_memcpy8               
000010f5  memcpy                        
00001191  __aeabi_cdrcmple              
00001219  IntEnable                     
00001281  __TI_decompress_lzss          
000012e9  TimerConfigure                
000013d9  __TI_auto_init_nobinit_nopinit
0000141d  SysCtlPeripheralReady         
00001455  IntRegister                   
00001489  SysCtlPeripheralEnable        
000014bd  _c_int00_noargs               
000014f1  __aeabi_i2d                   
0000151f  __aeabi_ul2d                  
0000154b  __TI_zero_init_nomemset       
00001567  main                          
00001583  GPIOIntRegister               
0000159d  TimerDisable                  
000015b5  TimerIntRegister              
000015cd  TimerValueGet64               
000015e3  TimerLoadSet                  
000015f5  GPIOIntDisable                
00001603  TimerEnable                   
00001611  __TI_decompress_none          
0000161f  GPIOIntEnable                 
0000162b  ResetISR                      
00001637  TimerIntEnable                
0000163f  GPIOIntClear                  
00001645  _system_pre_init              
00001649  C$$EXIT                       
00001649  abort                         
000018d0  __TI_Handler_Table_Base       
000018dc  __TI_Handler_Table_Limit      
000018f0  __TI_CINIT_Base               
00001908  __TI_CINIT_Limit              
20000000  __start___llvm_prf_cnts       
20000000  __stop___llvm_prf_cnts        
20000000  g_pfnRAMVectors               
20000270  __stack                       
20000470  PinConfigs                    
20000470  __STACK_END                   
20000470  __STACK_TOP                   
200004b4  PinConfigCount                
200004b8  FLAG_GPIO_Handler             
200004bc  PA                            
200004c0  PE                            
200004c4  Timer_reset_counter           
200004c8  Waiting                       
ffffffff  __TI_pprof_out_hndl           
ffffffff  __TI_prof_data_size           
ffffffff  __TI_prof_data_start          
ffffffff  __binit__                     
ffffffff  __c_args__                    
ffffffff  binit                         
UNDEFED   GPIOB_Handler                 
UNDEFED   GPIOC_Handler                 
UNDEFED   GPIOD_Handler                 
UNDEFED   GPIOE_Handler                 
UNDEFED   __mpu_init                    
UNDEFED   _system_post_cinit            

[74 symbols]
