******************************************************************************
                  TI ARM Linker PC v20.2.1                     
******************************************************************************
>> Linked Sun Jan 10 15:01:10 2021

OUTPUT FILE NAME:   <project.out>
ENTRY POINT SYMBOL: "_c_int00_noargs"  address: 00000e61


MEMORY CONFIGURATION

         name            origin    length      used     unused   attr    fill
----------------------  --------  ---------  --------  --------  ----  --------
  FLASH                 00000000   00040000  0000103a  0003efc6  R  X
  SRAM                  20000000   00008000  0000048e  00007b72  RW X


SEGMENT ALLOCATION MAP

run origin  load origin   length   init length attrs members
----------  ----------- ---------- ----------- ----- -------
00000000    00000000    00001040   00001040    r-x
  00000000    00000000    0000026c   0000026c    r-- .intvecs
  0000026c    0000026c    00000cd2   00000cd2    r-x .text
  00000f40    00000f40    000000b4   000000b4    r-- .const
  00000ff8    00000ff8    00000048   00000048    r-- .cinit
20000000    20000000    00000492   00000000    rw-
  20000000    20000000    0000026c   00000000    rw- .vtable
  20000270    20000270    00000200   00000000    rw- .stack
  20000470    20000470    00000022   00000000    rw- .data


SECTION ALLOCATION MAP

 output                                  attributes/
section   page    origin      length       input sections
--------  ----  ----------  ----------   ----------------
.intvecs   0    00000000    0000026c     
                  00000000    0000026c     tm4c123gh6pm_startup_ccs.obj (.intvecs)

.text      0    0000026c    00000cd2     
                  0000026c    00000770     GPIO.obj (.text)
                  000009dc    00000188     timer_int.obj (.text)
                  00000b64    0000009c     rtsv7M4_T_le_v4SPD16_eabi.lib : memcpy_t2.asm.obj (.text)
                  00000c00    00000068     driverlib.lib : interrupt.obj (.text:IntEnable)
                  00000c68    00000068     rtsv7M4_T_le_v4SPD16_eabi.lib : copy_decompress_lzss.c.obj (.text:decompress:lzss:__TI_decompress_lzss)
                  00000cd0    00000060     driverlib.lib : timer.obj (.text:TimerConfigure)
                  00000d30    0000004c                   : timer.obj (.text:_TimerIntNumberGet)
                  00000d7c    00000044     rtsv7M4_T_le_v4SPD16_eabi.lib : autoinit.c.obj (.text:__TI_auto_init_nobinit_nopinit:__TI_auto_init_nobinit_nopinit)
                  00000dc0    00000038     driverlib.lib : sysctl.obj (.text:SysCtlPeripheralReady)
                  00000df8    00000034                   : interrupt.obj (.text:IntRegister)
                  00000e2c    00000034                   : sysctl.obj (.text:SysCtlPeripheralEnable)
                  00000e60    00000034     rtsv7M4_T_le_v4SPD16_eabi.lib : boot_cortex_m.c.obj (.text:_c_int00_noargs:_c_int00_noargs)
                  00000e94    0000001c                                   : copy_zero_init.c.obj (.text:decompress:ZI:__TI_zero_init_nomemset:__TI_zero_init_nomemset)
                  00000eb0    00000018     driverlib.lib : timer.obj (.text:TimerDisable)
                  00000ec8    00000018                   : timer.obj (.text:TimerIntRegister)
                  00000ee0    00000014     main.obj (.text)
                  00000ef4    00000012     driverlib.lib : timer.obj (.text:TimerLoadSet)
                  00000f06    0000000e                   : timer.obj (.text:TimerEnable)
                  00000f14    0000000e     rtsv7M4_T_le_v4SPD16_eabi.lib : copy_decompress_none.c.obj (.text:decompress:none:__TI_decompress_none)
                  00000f22    0000000c     tm4c123gh6pm_startup_ccs.obj (.text)
                  00000f2e    00000008     driverlib.lib : timer.obj (.text:TimerIntEnable)
                  00000f36    00000004     rtsv7M4_T_le_v4SPD16_eabi.lib : pre_init.c.obj (.text:_system_pre_init)
                  00000f3a    00000004                                   : exit.c.obj (.text:abort:abort)

.const     0    00000f40    000000b4     
                  00000f40    00000060     driverlib.lib : timer.obj (.const:g_ppui32TimerIntMap)
                  00000fa0    00000040                   : timer.obj (.const:g_ppui32TimerIntMapSnowflake)
                  00000fe0    00000014                   : interrupt.obj (.const:g_pui32EnRegs)

.cinit     0    00000ff8    00000048     
                  00000ff8    0000001f     (.cinit..data.load) [load image, compression = lzss]
                  00001017    00000001     --HOLE-- [fill = 0]
                  00001018    0000000c     (__TI_handler_table)
                  00001024    00000004     --HOLE-- [fill = 0]
                  00001028    00000008     (.cinit..vtable.load) [load image, compression = zero_init]
                  00001030    00000010     (__TI_cinit_table)

.init_array 
*          0    00000000    00000000     UNINITIALIZED

.vtable    0    20000000    0000026c     UNINITIALIZED
                  20000000    0000026c     driverlib.lib : interrupt.obj (.vtable)

.data      0    20000470    00000022     UNINITIALIZED
                  20000470    00000018     GPIO_cfg.obj (.data:PinConfigs)
                  20000488    00000008     timer_int.obj (.data)
                  20000490    00000002     GPIO_cfg.obj (.data)

.stack     0    20000270    00000200     UNINITIALIZED
                  20000270    00000004     rtsv7M4_T_le_v4SPD16_eabi.lib : boot_cortex_m.c.obj (.stack)
                  20000274    000001fc     --HOLE--

__llvm_prf_cnts 
*          0    20000000    00000000     UNINITIALIZED

MODULE SUMMARY

       Module                         code   ro data   rw data
       ------                         ----   -------   -------
    .\
       GPIO.obj                       1904   0         0      
       tm4c123gh6pm_startup_ccs.obj   12     620       0      
       timer_int.obj                  392    0         8      
       GPIO_cfg.obj                   0      0         26     
       main.obj                       20     0         0      
    +--+------------------------------+------+---------+---------+
       Total:                         2328   620       34     
                                                              
    D:/geo Main/CCS_ASU/TivaWare_C_Series/driverlib/ccs/Debug/driverlib.lib
       interrupt.obj                  156    20        620    
       timer.obj                      260    160       0      
       sysctl.obj                     108    0         0      
    +--+------------------------------+------+---------+---------+
       Total:                         524    180       620    
                                                              
    D:\geo Main\CCS_ASU\ccs\tools\compiler\ti-cgt-arm_20.2.1.LTS\lib\rtsv7M4_T_le_v4SPD16_eabi.lib
       memcpy_t2.asm.obj              156    0         0      
       copy_decompress_lzss.c.obj     104    0         0      
       autoinit.c.obj                 68     0         0      
       boot_cortex_m.c.obj            52     0         0      
       copy_zero_init.c.obj           28     0         0      
       copy_decompress_none.c.obj     14     0         0      
       exit.c.obj                     4      0         0      
       pre_init.c.obj                 4      0         0      
    +--+------------------------------+------+---------+---------+
       Total:                         430    0         0      
                                                              
       Stack:                         0      0         512    
       Linker Generated:              0      67        0      
    +--+------------------------------+------+---------+---------+
       Grand Total:                   3282   867       1166   


LINKER GENERATED COPY TABLES

__TI_cinit_table @ 00001030 records: 2, size/record: 8, table size: 16
	.data: load addr=00000ff8, load size=0000001f bytes, run addr=20000470, run size=00000022 bytes, compression=lzss
	.vtable: load addr=00001028, load size=00000008 bytes, run addr=20000000, run size=0000026c bytes, compression=zero_init


LINKER GENERATED HANDLER TABLE

__TI_handler_table @ 00001018 records: 3, size/record: 4, table size: 12
	index: 0, handler: __TI_zero_init
	index: 1, handler: __TI_decompress_lzss
	index: 2, handler: __TI_decompress_none


GLOBAL SYMBOLS: SORTED ALPHABETICALLY BY Name 

address   name                          
-------   ----                          
00000f3b  C$$EXIT                       
000003df  DIO_ReadPin                   
0000026d  DIO_WritePin                  
000004dd  DIO_init                      
00000c01  IntEnable                     
00000df9  IntRegister                   
20000490  PinConfigCount                
20000470  PinConfigs                    
00000f23  ResetISR                      
00000e2d  SysCtlPeripheralEnable        
00000dc1  SysCtlPeripheralReady         
00000a37  TimerA_ISR                    
000009dd  TimerA_Init                   
00000cd1  TimerConfigure                
00000eb1  TimerDisable                  
00000f07  TimerEnable                   
00000f2f  TimerIntEnable                
00000ec9  TimerIntRegister              
00000ef5  TimerLoadSet                  
20000470  __STACK_END                   
00000200  __STACK_SIZE                  
20000470  __STACK_TOP                   
00001030  __TI_CINIT_Base               
00001040  __TI_CINIT_Limit              
00001018  __TI_Handler_Table_Base       
00001024  __TI_Handler_Table_Limit      
00000d7d  __TI_auto_init_nobinit_nopinit
00000c69  __TI_decompress_lzss          
00000f15  __TI_decompress_none          
ffffffff  __TI_pprof_out_hndl           
ffffffff  __TI_prof_data_size           
ffffffff  __TI_prof_data_start          
00000000  __TI_static_base__            
00000e95  __TI_zero_init_nomemset       
00000b65  __aeabi_memcpy                
00000b65  __aeabi_memcpy4               
00000b65  __aeabi_memcpy8               
ffffffff  __binit__                     
ffffffff  __c_args__                    
UNDEFED   __mpu_init                    
20000270  __stack                       
20000000  __start___llvm_prf_cnts       
20000000  __stop___llvm_prf_cnts        
00000e61  _c_int00_noargs               
UNDEFED   _system_post_cinit            
00000f37  _system_pre_init              
00000f3b  abort                         
ffffffff  binit                         
20000000  g_pfnRAMVectors               
00000000  g_pfnVectors                  
00000ee1  main                          
00000b65  memcpy                        
00000b11  traffic_init                  


GLOBAL SYMBOLS: SORTED BY Symbol Address 

address   name                          
-------   ----                          
00000000  __TI_static_base__            
00000000  g_pfnVectors                  
00000200  __STACK_SIZE                  
0000026d  DIO_WritePin                  
000003df  DIO_ReadPin                   
000004dd  DIO_init                      
000009dd  TimerA_Init                   
00000a37  TimerA_ISR                    
00000b11  traffic_init                  
00000b65  __aeabi_memcpy                
00000b65  __aeabi_memcpy4               
00000b65  __aeabi_memcpy8               
00000b65  memcpy                        
00000c01  IntEnable                     
00000c69  __TI_decompress_lzss          
00000cd1  TimerConfigure                
00000d7d  __TI_auto_init_nobinit_nopinit
00000dc1  SysCtlPeripheralReady         
00000df9  IntRegister                   
00000e2d  SysCtlPeripheralEnable        
00000e61  _c_int00_noargs               
00000e95  __TI_zero_init_nomemset       
00000eb1  TimerDisable                  
00000ec9  TimerIntRegister              
00000ee1  main                          
00000ef5  TimerLoadSet                  
00000f07  TimerEnable                   
00000f15  __TI_decompress_none          
00000f23  ResetISR                      
00000f2f  TimerIntEnable                
00000f37  _system_pre_init              
00000f3b  C$$EXIT                       
00000f3b  abort                         
00001018  __TI_Handler_Table_Base       
00001024  __TI_Handler_Table_Limit      
00001030  __TI_CINIT_Base               
00001040  __TI_CINIT_Limit              
20000000  __start___llvm_prf_cnts       
20000000  __stop___llvm_prf_cnts        
20000000  g_pfnRAMVectors               
20000270  __stack                       
20000470  PinConfigs                    
20000470  __STACK_END                   
20000470  __STACK_TOP                   
20000490  PinConfigCount                
ffffffff  __TI_pprof_out_hndl           
ffffffff  __TI_prof_data_size           
ffffffff  __TI_prof_data_start          
ffffffff  __binit__                     
ffffffff  __c_args__                    
ffffffff  binit                         
UNDEFED   __mpu_init                    
UNDEFED   _system_post_cinit            

[53 symbols]
