******************************************************************************
                  TI ARM Linker PC v20.2.1                     
******************************************************************************
>> Linked Tue Jan 12 04:37:26 2021

OUTPUT FILE NAME:   <final project1.out>
ENTRY POINT SYMBOL: "_c_int00_noargs"  address: 00001b59


MEMORY CONFIGURATION

         name            origin    length      used     unused   attr    fill
----------------------  --------  ---------  --------  --------  ----  --------
  FLASH                 00000000   00040000  00001fba  0003e046  R  X
  SRAM                  20000000   00008000  000004d2  00007b2e  RW X


SEGMENT ALLOCATION MAP

run origin  load origin   length   init length attrs members
----------  ----------- ---------- ----------- ----- -------
00000000    00000000    00001fc0   00001fc0    r-x
  00000000    00000000    0000026c   0000026c    r-- .intvecs
  00000270    00000270    00001a92   00001a92    r-x .text
  00001d04    00001d04    0000024c   0000024c    r-- .const
  00001f50    00001f50    00000070   00000070    r-- .cinit
20000000    20000000    000004d6   00000000    rw-
  20000000    20000000    0000026c   00000000    rw- .vtable
  20000270    20000270    00000200   00000000    rw- .stack
  20000470    20000470    0000005e   00000000    rw- .data
  200004ce    200004ce    00000008   00000000    rw- .bss


SECTION ALLOCATION MAP

 output                                  attributes/
section   page    origin      length       input sections
--------  ----  ----------  ----------   ----------------
.intvecs   0    00000000    0000026c     
                  00000000    0000026c     tm4c123gh6pm_startup_ccs.obj (.intvecs)

.text      0    00000270    00001a92     
                  00000270    00000cc2     GPIO.obj (.text)
                  00000f32    00000006     driverlib.lib : gpio.obj (.text:GPIOIntClear)
                  00000f38    0000085a     timer_int.obj (.text)
                  00001792    0000009c     rtsv7M4_T_le_v4SPD16_eabi.lib : memcpy_t2.asm.obj (.text)
                  0000182e    00000086                                   : fd_cmp_t2.asm.obj (.text:__aeabi_cdrcmple)
                  000018b4    00000068     driverlib.lib : interrupt.obj (.text:IntEnable)
                  0000191c    00000068     rtsv7M4_T_le_v4SPD16_eabi.lib : copy_decompress_lzss.c.obj (.text:decompress:lzss:__TI_decompress_lzss)
                  00001984    00000060     driverlib.lib : timer.obj (.text:TimerConfigure)
                  000019e4    0000004c                   : timer.obj (.text:_TimerIntNumberGet)
                  00001a30    00000044                   : gpio.obj (.text:_GPIOIntNumberGet)
                  00001a74    00000044     rtsv7M4_T_le_v4SPD16_eabi.lib : autoinit.c.obj (.text:__TI_auto_init_nobinit_nopinit:__TI_auto_init_nobinit_nopinit)
                  00001ab8    00000038     driverlib.lib : sysctl.obj (.text:SysCtlPeripheralReady)
                  00001af0    00000034                   : interrupt.obj (.text:IntRegister)
                  00001b24    00000034                   : sysctl.obj (.text:SysCtlPeripheralEnable)
                  00001b58    00000034     rtsv7M4_T_le_v4SPD16_eabi.lib : boot_cortex_m.c.obj (.text:_c_int00_noargs:_c_int00_noargs)
                  00001b8c    0000002e                                   : i_tofd_t2.asm.obj (.text)
                  00001bba    0000002c                                   : ull_tofd_t2.asm.obj (.text)
                  00001be6    00000002     --HOLE-- [fill = 0]
                  00001be8    0000002a     main.obj (.text)
                  00001c12    0000001c     rtsv7M4_T_le_v4SPD16_eabi.lib : copy_zero_init.c.obj (.text:decompress:ZI:__TI_zero_init_nomemset:__TI_zero_init_nomemset)
                  00001c2e    00000002     --HOLE-- [fill = 0]
                  00001c30    0000001a     tm4c123gh6pm_startup_ccs.obj (.text)
                  00001c4a    00000018     driverlib.lib : gpio.obj (.text:GPIOIntRegister)
                  00001c62    00000002     --HOLE-- [fill = 0]
                  00001c64    00000018                   : timer.obj (.text:TimerDisable)
                  00001c7c    00000018                   : timer.obj (.text:TimerIntRegister)
                  00001c94    00000016                   : timer.obj (.text:TimerValueGet64)
                  00001caa    00000012                   : timer.obj (.text:TimerLoadSet)
                  00001cbc    0000000e                   : gpio.obj (.text:GPIOIntDisable)
                  00001cca    0000000e                   : timer.obj (.text:TimerEnable)
                  00001cd8    0000000e     rtsv7M4_T_le_v4SPD16_eabi.lib : copy_decompress_none.c.obj (.text:decompress:none:__TI_decompress_none)
                  00001ce6    0000000c     driverlib.lib : gpio.obj (.text:GPIOIntEnable)
                  00001cf2    00000008                   : timer.obj (.text:TimerIntEnable)
                  00001cfa    00000004     rtsv7M4_T_le_v4SPD16_eabi.lib : pre_init.c.obj (.text:_system_pre_init)
                  00001cfe    00000004                                   : exit.c.obj (.text:abort:abort)

.const     0    00001d04    0000024c     
                  00001d04    000000d8     driverlib.lib : gpio.obj (.const:g_ppui32GPIOIntMapSnowflake)
                  00001ddc    000000c0                   : gpio.obj (.const:g_ppui32GPIOIntMapBlizzard)
                  00001e9c    00000060                   : timer.obj (.const:g_ppui32TimerIntMap)
                  00001efc    00000040                   : timer.obj (.const:g_ppui32TimerIntMapSnowflake)
                  00001f3c    00000014                   : interrupt.obj (.const:g_pui32EnRegs)

.cinit     0    00001f50    00000070     
                  00001f50    00000037     (.cinit..data.load) [load image, compression = lzss]
                  00001f87    00000001     --HOLE-- [fill = 0]
                  00001f88    0000000c     (__TI_handler_table)
                  00001f94    00000004     --HOLE-- [fill = 0]
                  00001f98    00000008     (.cinit..bss.load) [load image, compression = zero_init]
                  00001fa0    00000008     (.cinit..vtable.load) [load image, compression = zero_init]
                  00001fa8    00000018     (__TI_cinit_table)

.init_array 
*          0    00000000    00000000     UNINITIALIZED

.vtable    0    20000000    0000026c     UNINITIALIZED
                  20000000    0000026c     driverlib.lib : interrupt.obj (.vtable)

.data      0    20000470    0000005e     UNINITIALIZED
                  20000470    0000003c     GPIO_cfg.obj (.data:PinConfigs)
                  200004ac    00000020     timer_int.obj (.data)
                  200004cc    00000002     GPIO_cfg.obj (.data)

.bss       0    200004ce    00000008     UNINITIALIZED
                  200004ce    00000004     (.common:PA)
                  200004d2    00000004     (.common:PE)

.stack     0    20000270    00000200     UNINITIALIZED
                  20000270    00000004     rtsv7M4_T_le_v4SPD16_eabi.lib : boot_cortex_m.c.obj (.stack)
                  20000274    000001fc     --HOLE--

__llvm_prf_cnts 
*          0    20000000    00000000     UNINITIALIZED

MODULE SUMMARY

       Module                         code   ro data   rw data
       ------                         ----   -------   -------
    .\
       GPIO.obj                       3266   0         8      
       timer_int.obj                  2138   0         32     
       tm4c123gh6pm_startup_ccs.obj   26     620       0      
       GPIO_cfg.obj                   0      0         62     
       main.obj                       42     0         0      
    +--+------------------------------+------+---------+---------+
       Total:                         5472   620       102    
                                                              
    C:/ti/TivaWare_C_Series-2.2.0.295/driverlib/ccs/Debug/driverlib.lib
       interrupt.obj                  156    20        620    
       gpio.obj                       124    408       0      
       timer.obj                      282    160       0      
       sysctl.obj                     108    0         0      
    +--+------------------------------+------+---------+---------+
       Total:                         670    588       620    
                                                              
    C:\ti\ccs1011\ccs\tools\compiler\ti-cgt-arm_20.2.1.LTS\lib\rtsv7M4_T_le_v4SPD16_eabi.lib
       memcpy_t2.asm.obj              156    0         0      
       fd_cmp_t2.asm.obj              134    0         0      
       copy_decompress_lzss.c.obj     104    0         0      
       autoinit.c.obj                 68     0         0      
       boot_cortex_m.c.obj            52     0         0      
       i_tofd_t2.asm.obj              46     0         0      
       ull_tofd_t2.asm.obj            44     0         0      
       copy_zero_init.c.obj           28     0         0      
       copy_decompress_none.c.obj     14     0         0      
       exit.c.obj                     4      0         0      
       pre_init.c.obj                 4      0         0      
    +--+------------------------------+------+---------+---------+
       Total:                         654    0         0      
                                                              
       Stack:                         0      0         512    
       Linker Generated:              0      107       0      
    +--+------------------------------+------+---------+---------+
       Grand Total:                   6796   1315      1234   


LINKER GENERATED COPY TABLES

__TI_cinit_table @ 00001fa8 records: 3, size/record: 8, table size: 24
	.data: load addr=00001f50, load size=00000037 bytes, run addr=20000470, run size=0000005e bytes, compression=lzss
	.bss: load addr=00001f98, load size=00000008 bytes, run addr=200004ce, run size=00000008 bytes, compression=zero_init
	.vtable: load addr=00001fa0, load size=00000008 bytes, run addr=20000000, run size=0000026c bytes, compression=zero_init


LINKER GENERATED HANDLER TABLE

__TI_handler_table @ 00001f88 records: 3, size/record: 4, table size: 12
	index: 0, handler: __TI_zero_init
	index: 1, handler: __TI_decompress_lzss
	index: 2, handler: __TI_decompress_none


GLOBAL SYMBOLS: SORTED ALPHABETICALLY BY Name 

address   name                          
-------   ----                          
00001cff  C$$EXIT                       
00000441  DIO_ReadPin                   
00000271  DIO_WritePin                  
00000569  DIO_init                      
200004ac  FLAG_GPIO_Handler             
00000f09  GPIOA_Handler                 
000015a9  GPIOA_PIN2_Handler            
00000f11  GPIOB_Handler                 
00000f19  GPIOC_Handler                 
00000f21  GPIOD_Handler                 
00000f29  GPIOE_Handler                 
00000f31  GPIOF_Handler                 
000013b9  GPIOF_PIN4_Handler            
00000f33  GPIOIntClear                  
00001cbd  GPIOIntDisable                
00001ce7  GPIOIntEnable                 
00001c4b  GPIOIntRegister               
00001359  GPIO_PUSH1_init               
00001391  GPIO_PUSH2_init               
000018b5  IntEnable                     
00001af1  IntRegister                   
200004ce  PA                            
200004d2  PE                            
200004cc  PinConfigCount                
20000470  PinConfigs                    
00001c31  ResetISR                      
00001b25  SysCtlPeripheralEnable        
00001ab9  SysCtlPeripheralReady         
00001279  TIMER_P1_Handler              
00000f39  Timer0A_Init                  
00001071  TimerA_ISR                    
00001985  TimerConfigure                
00001c65  TimerDisable                  
00001ccb  TimerEnable                   
00001cf3  TimerIntEnable                
00001c7d  TimerIntRegister              
00001cab  TimerLoadSet                  
00001c95  TimerValueGet64               
200004b0  Timer_reset_counter           
00000fd1  WIDETimer0A_Init              
200004b4  Waiting_FLAG                  
20000470  __STACK_END                   
00000200  __STACK_SIZE                  
20000470  __STACK_TOP                   
00001fa8  __TI_CINIT_Base               
00001fc0  __TI_CINIT_Limit              
00001f88  __TI_Handler_Table_Base       
00001f94  __TI_Handler_Table_Limit      
00001a75  __TI_auto_init_nobinit_nopinit
0000191d  __TI_decompress_lzss          
00001cd9  __TI_decompress_none          
ffffffff  __TI_pprof_out_hndl           
ffffffff  __TI_prof_data_size           
ffffffff  __TI_prof_data_start          
00000000  __TI_static_base__            
00001c13  __TI_zero_init_nomemset       
0000182f  __aeabi_cdrcmple              
00001b8d  __aeabi_i2d                   
00001793  __aeabi_memcpy                
00001793  __aeabi_memcpy4               
00001793  __aeabi_memcpy8               
00001bbb  __aeabi_ul2d                  
ffffffff  __binit__                     
ffffffff  __c_args__                    
UNDEFED   __mpu_init                    
20000270  __stack                       
20000000  __start___llvm_prf_cnts       
20000000  __stop___llvm_prf_cnts        
00001b59  _c_int00_noargs               
UNDEFED   _system_post_cinit            
00001cfb  _system_pre_init              
00001cff  abort                         
ffffffff  binit                         
20000000  g_pfnRAMVectors               
00000000  g_pfnVectors                  
00001be9  main                          
00001793  memcpy                        
00001211  traffic_init                  
200004b8  val                           


GLOBAL SYMBOLS: SORTED BY Symbol Address 

address   name                          
-------   ----                          
00000000  __TI_static_base__            
00000000  g_pfnVectors                  
00000200  __STACK_SIZE                  
00000271  DIO_WritePin                  
00000441  DIO_ReadPin                   
00000569  DIO_init                      
00000f09  GPIOA_Handler                 
00000f11  GPIOB_Handler                 
00000f19  GPIOC_Handler                 
00000f21  GPIOD_Handler                 
00000f29  GPIOE_Handler                 
00000f31  GPIOF_Handler                 
00000f33  GPIOIntClear                  
00000f39  Timer0A_Init                  
00000fd1  WIDETimer0A_Init              
00001071  TimerA_ISR                    
00001211  traffic_init                  
00001279  TIMER_P1_Handler              
00001359  GPIO_PUSH1_init               
00001391  GPIO_PUSH2_init               
000013b9  GPIOF_PIN4_Handler            
000015a9  GPIOA_PIN2_Handler            
00001793  __aeabi_memcpy                
00001793  __aeabi_memcpy4               
00001793  __aeabi_memcpy8               
00001793  memcpy                        
0000182f  __aeabi_cdrcmple              
000018b5  IntEnable                     
0000191d  __TI_decompress_lzss          
00001985  TimerConfigure                
00001a75  __TI_auto_init_nobinit_nopinit
00001ab9  SysCtlPeripheralReady         
00001af1  IntRegister                   
00001b25  SysCtlPeripheralEnable        
00001b59  _c_int00_noargs               
00001b8d  __aeabi_i2d                   
00001bbb  __aeabi_ul2d                  
00001be9  main                          
00001c13  __TI_zero_init_nomemset       
00001c31  ResetISR                      
00001c4b  GPIOIntRegister               
00001c65  TimerDisable                  
00001c7d  TimerIntRegister              
00001c95  TimerValueGet64               
00001cab  TimerLoadSet                  
00001cbd  GPIOIntDisable                
00001ccb  TimerEnable                   
00001cd9  __TI_decompress_none          
00001ce7  GPIOIntEnable                 
00001cf3  TimerIntEnable                
00001cfb  _system_pre_init              
00001cff  C$$EXIT                       
00001cff  abort                         
00001f88  __TI_Handler_Table_Base       
00001f94  __TI_Handler_Table_Limit      
00001fa8  __TI_CINIT_Base               
00001fc0  __TI_CINIT_Limit              
20000000  __start___llvm_prf_cnts       
20000000  __stop___llvm_prf_cnts        
20000000  g_pfnRAMVectors               
20000270  __stack                       
20000470  PinConfigs                    
20000470  __STACK_END                   
20000470  __STACK_TOP                   
200004ac  FLAG_GPIO_Handler             
200004b0  Timer_reset_counter           
200004b4  Waiting_FLAG                  
200004b8  val                           
200004cc  PinConfigCount                
200004ce  PA                            
200004d2  PE                            
ffffffff  __TI_pprof_out_hndl           
ffffffff  __TI_prof_data_size           
ffffffff  __TI_prof_data_start          
ffffffff  __binit__                     
ffffffff  __c_args__                    
ffffffff  binit                         
UNDEFED   __mpu_init                    
UNDEFED   _system_post_cinit            

[79 symbols]
