******************************************************************************
                  TI ARM Linker PC v20.2.1                     
******************************************************************************
>> Linked Tue Jan 12 04:37:20 2021

OUTPUT FILE NAME:   <final project1.out>
ENTRY POINT SYMBOL: "_c_int00_noargs"  address: 000015e9


MEMORY CONFIGURATION

         name            origin    length      used     unused   attr    fill
----------------------  --------  ---------  --------  --------  ----  --------
  FLASH                 00000000   00040000  00001a50  0003e5b0  R  X
  SRAM                  20000000   00008000  000004d2  00007b2e  RW X


SEGMENT ALLOCATION MAP

run origin  load origin   length   init length attrs members
----------  ----------- ---------- ----------- ----- -------
00000000    00000000    00001a58   00001a58    r-x
  00000000    00000000    0000026c   0000026c    r-- .intvecs
  00000270    00000270    00001528   00001528    r-x .text
  00001798    00001798    0000024c   0000024c    r-- .const
  000019e8    000019e8    00000070   00000070    r-- .cinit
20000000    20000000    000004d6   00000000    rw-
  20000000    20000000    0000026c   00000000    rw- .vtable
  20000270    20000270    00000200   00000000    rw- .stack
  20000470    20000470    0000005e   00000000    rw- .data
  200004ce    200004ce    00000008   00000000    rw- .bss


SECTION ALLOCATION MAP

 output                                  attributes/
section   page    origin      length       input sections
--------  ----  ----------  ----------   ----------------
.intvecs   0    00000000    0000026c     
                  00000000    0000026c     tm4c123gh6pm_startup_ccs.obj (.intvecs)

.text      0    00000270    00001528     
                  00000270    000009e0     GPIO.obj (.text)
                  00000c50    000005d0     timer_int.obj (.text)
                  00001220    0000009c     rtsv7M4_T_le_v4SPD16_eabi.lib : memcpy_t2.asm.obj (.text)
                  000012bc    00000086                                   : fd_cmp_t2.asm.obj (.text:__aeabi_cdrcmple)
                  00001342    00000002     --HOLE-- [fill = 0]
                  00001344    00000068     driverlib.lib : interrupt.obj (.text:IntEnable)
                  000013ac    00000068     rtsv7M4_T_le_v4SPD16_eabi.lib : copy_decompress_lzss.c.obj (.text:decompress:lzss:__TI_decompress_lzss)
                  00001414    00000060     driverlib.lib : timer.obj (.text:TimerConfigure)
                  00001474    0000004c                   : timer.obj (.text:_TimerIntNumberGet)
                  000014c0    00000044                   : gpio.obj (.text:_GPIOIntNumberGet)
                  00001504    00000044     rtsv7M4_T_le_v4SPD16_eabi.lib : autoinit.c.obj (.text:__TI_auto_init_nobinit_nopinit:__TI_auto_init_nobinit_nopinit)
                  00001548    00000038     driverlib.lib : sysctl.obj (.text:SysCtlPeripheralReady)
                  00001580    00000034                   : interrupt.obj (.text:IntRegister)
                  000015b4    00000034                   : sysctl.obj (.text:SysCtlPeripheralEnable)
                  000015e8    00000034     rtsv7M4_T_le_v4SPD16_eabi.lib : boot_cortex_m.c.obj (.text:_c_int00_noargs:_c_int00_noargs)
                  0000161c    0000002e                                   : i_tofd_t2.asm.obj (.text)
                  0000164a    0000002c                                   : ull_tofd_t2.asm.obj (.text)
                  00001676    00000002     --HOLE-- [fill = 0]
                  00001678    0000002a     main.obj (.text)
                  000016a2    0000001c     rtsv7M4_T_le_v4SPD16_eabi.lib : copy_zero_init.c.obj (.text:decompress:ZI:__TI_zero_init_nomemset:__TI_zero_init_nomemset)
                  000016be    00000002     --HOLE-- [fill = 0]
                  000016c0    0000001a     tm4c123gh6pm_startup_ccs.obj (.text)
                  000016da    00000018     driverlib.lib : gpio.obj (.text:GPIOIntRegister)
                  000016f2    00000002     --HOLE-- [fill = 0]
                  000016f4    00000018                   : timer.obj (.text:TimerDisable)
                  0000170c    00000018                   : timer.obj (.text:TimerIntRegister)
                  00001724    00000016                   : timer.obj (.text:TimerValueGet64)
                  0000173a    00000012                   : timer.obj (.text:TimerLoadSet)
                  0000174c    0000000e                   : gpio.obj (.text:GPIOIntDisable)
                  0000175a    0000000e                   : timer.obj (.text:TimerEnable)
                  00001768    0000000e     rtsv7M4_T_le_v4SPD16_eabi.lib : copy_decompress_none.c.obj (.text:decompress:none:__TI_decompress_none)
                  00001776    0000000c     driverlib.lib : gpio.obj (.text:GPIOIntEnable)
                  00001782    00000008                   : timer.obj (.text:TimerIntEnable)
                  0000178a    00000006                   : gpio.obj (.text:GPIOIntClear)
                  00001790    00000004     rtsv7M4_T_le_v4SPD16_eabi.lib : pre_init.c.obj (.text:_system_pre_init)
                  00001794    00000004                                   : exit.c.obj (.text:abort:abort)

.const     0    00001798    0000024c     
                  00001798    000000d8     driverlib.lib : gpio.obj (.const:g_ppui32GPIOIntMapSnowflake)
                  00001870    000000c0                   : gpio.obj (.const:g_ppui32GPIOIntMapBlizzard)
                  00001930    00000060                   : timer.obj (.const:g_ppui32TimerIntMap)
                  00001990    00000040                   : timer.obj (.const:g_ppui32TimerIntMapSnowflake)
                  000019d0    00000014                   : interrupt.obj (.const:g_pui32EnRegs)

.cinit     0    000019e8    00000070     
                  000019e8    00000037     (.cinit..data.load) [load image, compression = lzss]
                  00001a1f    00000001     --HOLE-- [fill = 0]
                  00001a20    0000000c     (__TI_handler_table)
                  00001a2c    00000004     --HOLE-- [fill = 0]
                  00001a30    00000008     (.cinit..bss.load) [load image, compression = zero_init]
                  00001a38    00000008     (.cinit..vtable.load) [load image, compression = zero_init]
                  00001a40    00000018     (__TI_cinit_table)

.init_array 
*          0    00000000    00000000     UNINITIALIZED

.vtable    0    20000000    0000026c     UNINITIALIZED
                  20000000    0000026c     driverlib.lib : interrupt.obj (.vtable)

.data      0    20000470    0000005e     UNINITIALIZED
                  20000470    0000003c     GPIO_cfg.obj (.data:PinConfigs)
                  200004ac    00000020     timer_int.obj (.data)
                  200004cc    00000002     GPIO_cfg.obj (.data)

.bss       0    200004ce    00000008     UNINITIALIZED
                  200004ce    00000004     (.common:PA)
                  200004d2    00000004     (.common:PE)

.stack     0    20000270    00000200     UNINITIALIZED
                  20000270    00000004     rtsv7M4_T_le_v4SPD16_eabi.lib : boot_cortex_m.c.obj (.stack)
                  20000274    000001fc     --HOLE--

__llvm_prf_cnts 
*          0    20000000    00000000     UNINITIALIZED

MODULE SUMMARY

       Module                         code   ro data   rw data
       ------                         ----   -------   -------
    .\
       GPIO.obj                       2528   0         8      
       timer_int.obj                  1488   0         32     
       tm4c123gh6pm_startup_ccs.obj   26     620       0      
       GPIO_cfg.obj                   0      0         62     
       main.obj                       42     0         0      
    +--+------------------------------+------+---------+---------+
       Total:                         4084   620       102    
                                                              
    C:/ti/TivaWare_C_Series-2.2.0.295/driverlib/ccs/Debug/driverlib.lib
       interrupt.obj                  156    20        620    
       gpio.obj                       124    408       0      
       timer.obj                      282    160       0      
       sysctl.obj                     108    0         0      
    +--+------------------------------+------+---------+---------+
       Total:                         670    588       620    
                                                              
    C:\ti\ccs1011\ccs\tools\compiler\ti-cgt-arm_20.2.1.LTS\lib\rtsv7M4_T_le_v4SPD16_eabi.lib
       memcpy_t2.asm.obj              156    0         0      
       fd_cmp_t2.asm.obj              134    0         0      
       copy_decompress_lzss.c.obj     104    0         0      
       autoinit.c.obj                 68     0         0      
       boot_cortex_m.c.obj            52     0         0      
       i_tofd_t2.asm.obj              46     0         0      
       ull_tofd_t2.asm.obj            44     0         0      
       copy_zero_init.c.obj           28     0         0      
       copy_decompress_none.c.obj     14     0         0      
       exit.c.obj                     4      0         0      
       pre_init.c.obj                 4      0         0      
    +--+------------------------------+------+---------+---------+
       Total:                         654    0         0      
                                                              
       Stack:                         0      0         512    
       Linker Generated:              0      107       0      
    +--+------------------------------+------+---------+---------+
       Grand Total:                   5408   1315      1234   


LINKER GENERATED COPY TABLES

__TI_cinit_table @ 00001a40 records: 3, size/record: 8, table size: 24
	.data: load addr=000019e8, load size=00000037 bytes, run addr=20000470, run size=0000005e bytes, compression=lzss
	.bss: load addr=00001a30, load size=00000008 bytes, run addr=200004ce, run size=00000008 bytes, compression=zero_init
	.vtable: load addr=00001a38, load size=00000008 bytes, run addr=20000000, run size=0000026c bytes, compression=zero_init


LINKER GENERATED HANDLER TABLE

__TI_handler_table @ 00001a20 records: 3, size/record: 4, table size: 12
	index: 0, handler: __TI_zero_init
	index: 1, handler: __TI_decompress_lzss
	index: 2, handler: __TI_decompress_none


GLOBAL SYMBOLS: SORTED ALPHABETICALLY BY Name 

address   name                          
-------   ----                          
00001795  C$$EXIT                       
00000429  DIO_ReadPin                   
00000271  DIO_WritePin                  
00000539  DIO_init                      
200004ac  FLAG_GPIO_Handler             
00000bc9  GPIOA_Handler                 
00001089  GPIOA_PIN2_Handler            
00000bd1  GPIOB_Handler                 
00000bd9  GPIOC_Handler                 
00000be1  GPIOD_Handler                 
00000be9  GPIOE_Handler                 
00000bf1  GPIOF_Handler                 
00000f29  GPIOF_PIN4_Handler            
0000178b  GPIOIntClear                  
0000174d  GPIOIntDisable                
00001777  GPIOIntEnable                 
000016db  GPIOIntRegister               
00000eb9  GPIO_PUSH1_init               
00000ed9  GPIO_PUSH2_init               
00001345  IntEnable                     
00001581  IntRegister                   
200004ce  PA                            
200004d2  PE                            
200004cc  PinConfigCount                
20000470  PinConfigs                    
000016c1  ResetISR                      
000015b5  SysCtlPeripheralEnable        
00001549  SysCtlPeripheralReady         
00000e31  TIMER_P1_Handler              
00000c51  Timer0A_Init                  
00000d11  TimerA_ISR                    
00001415  TimerConfigure                
000016f5  TimerDisable                  
0000175b  TimerEnable                   
00001783  TimerIntEnable                
0000170d  TimerIntRegister              
0000173b  TimerLoadSet                  
00001725  TimerValueGet64               
200004b0  Timer_reset_counter           
00000cb1  WIDETimer0A_Init              
200004b4  Waiting_FLAG                  
20000470  __STACK_END                   
00000200  __STACK_SIZE                  
20000470  __STACK_TOP                   
00001a40  __TI_CINIT_Base               
00001a58  __TI_CINIT_Limit              
00001a20  __TI_Handler_Table_Base       
00001a2c  __TI_Handler_Table_Limit      
00001505  __TI_auto_init_nobinit_nopinit
000013ad  __TI_decompress_lzss          
00001769  __TI_decompress_none          
ffffffff  __TI_pprof_out_hndl           
ffffffff  __TI_prof_data_size           
ffffffff  __TI_prof_data_start          
00000000  __TI_static_base__            
000016a3  __TI_zero_init_nomemset       
000012bd  __aeabi_cdrcmple              
0000161d  __aeabi_i2d                   
00001221  __aeabi_memcpy                
00001221  __aeabi_memcpy4               
00001221  __aeabi_memcpy8               
0000164b  __aeabi_ul2d                  
ffffffff  __binit__                     
ffffffff  __c_args__                    
UNDEFED   __mpu_init                    
20000270  __stack                       
20000000  __start___llvm_prf_cnts       
20000000  __stop___llvm_prf_cnts        
000015e9  _c_int00_noargs               
UNDEFED   _system_post_cinit            
00001791  _system_pre_init              
00001795  abort                         
ffffffff  binit                         
20000000  g_pfnRAMVectors               
00000000  g_pfnVectors                  
00001679  main                          
00001221  memcpy                        
00000df9  traffic_init                  
200004b8  val                           


GLOBAL SYMBOLS: SORTED BY Symbol Address 

address   name                          
-------   ----                          
00000000  __TI_static_base__            
00000000  g_pfnVectors                  
00000200  __STACK_SIZE                  
00000271  DIO_WritePin                  
00000429  DIO_ReadPin                   
00000539  DIO_init                      
00000bc9  GPIOA_Handler                 
00000bd1  GPIOB_Handler                 
00000bd9  GPIOC_Handler                 
00000be1  GPIOD_Handler                 
00000be9  GPIOE_Handler                 
00000bf1  GPIOF_Handler                 
00000c51  Timer0A_Init                  
00000cb1  WIDETimer0A_Init              
00000d11  TimerA_ISR                    
00000df9  traffic_init                  
00000e31  TIMER_P1_Handler              
00000eb9  GPIO_PUSH1_init               
00000ed9  GPIO_PUSH2_init               
00000f29  GPIOF_PIN4_Handler            
00001089  GPIOA_PIN2_Handler            
00001221  __aeabi_memcpy                
00001221  __aeabi_memcpy4               
00001221  __aeabi_memcpy8               
00001221  memcpy                        
000012bd  __aeabi_cdrcmple              
00001345  IntEnable                     
000013ad  __TI_decompress_lzss          
00001415  TimerConfigure                
00001505  __TI_auto_init_nobinit_nopinit
00001549  SysCtlPeripheralReady         
00001581  IntRegister                   
000015b5  SysCtlPeripheralEnable        
000015e9  _c_int00_noargs               
0000161d  __aeabi_i2d                   
0000164b  __aeabi_ul2d                  
00001679  main                          
000016a3  __TI_zero_init_nomemset       
000016c1  ResetISR                      
000016db  GPIOIntRegister               
000016f5  TimerDisable                  
0000170d  TimerIntRegister              
00001725  TimerValueGet64               
0000173b  TimerLoadSet                  
0000174d  GPIOIntDisable                
0000175b  TimerEnable                   
00001769  __TI_decompress_none          
00001777  GPIOIntEnable                 
00001783  TimerIntEnable                
0000178b  GPIOIntClear                  
00001791  _system_pre_init              
00001795  C$$EXIT                       
00001795  abort                         
00001a20  __TI_Handler_Table_Base       
00001a2c  __TI_Handler_Table_Limit      
00001a40  __TI_CINIT_Base               
00001a58  __TI_CINIT_Limit              
20000000  __start___llvm_prf_cnts       
20000000  __stop___llvm_prf_cnts        
20000000  g_pfnRAMVectors               
20000270  __stack                       
20000470  PinConfigs                    
20000470  __STACK_END                   
20000470  __STACK_TOP                   
200004ac  FLAG_GPIO_Handler             
200004b0  Timer_reset_counter           
200004b4  Waiting_FLAG                  
200004b8  val                           
200004cc  PinConfigCount                
200004ce  PA                            
200004d2  PE                            
ffffffff  __TI_pprof_out_hndl           
ffffffff  __TI_prof_data_size           
ffffffff  __TI_prof_data_start          
ffffffff  __binit__                     
ffffffff  __c_args__                    
ffffffff  binit                         
UNDEFED   __mpu_init                    
UNDEFED   _system_post_cinit            

[79 symbols]
